// Jest Snapshot v1, https://goo.gl/fbAQLP

exports[`Publisher must render without errors 1`] = `
.c0 {
  width: 80%;
  height: 353px;
  background-color: #313131;
  display: -webkit-box;
  display: -webkit-flex;
  display: -ms-flexbox;
  display: flex;
  -webkit-flex-direction: column;
  -ms-flex-direction: column;
  flex-direction: column;
  -webkit-box-pack: justify;
  -webkit-justify-content: space-between;
  -ms-flex-pack: justify;
  justify-content: space-between;
  -webkit-align-items: center;
  -webkit-box-align: center;
  -ms-flex-align: center;
  align-items: center;
  border-radius: 3px;
  padding: 2em;
  border: 1px solid #3b3b3b;
  grid-column-start: 2;
  grid-column-end: 2;
}

.c1 {
  width: 100%;
  display: -webkit-box;
  display: -webkit-flex;
  display: -ms-flexbox;
  display: flex;
  -webkit-box-pack: center;
  -webkit-justify-content: center;
  -ms-flex-pack: center;
  justify-content: center;
  -webkit-align-items: center;
  -webkit-box-align: center;
  -ms-flex-align: center;
  align-items: center;
}

.c2 {
  margin-right: 1em;
  width: 88px;
  height: 88px;
  border-radius: 36px;
  display: -webkit-box;
  display: -webkit-flex;
  display: -ms-flexbox;
  display: flex;
  -webkit-box-pack: center;
  -webkit-justify-content: center;
  -ms-flex-pack: center;
  justify-content: center;
  -webkit-align-items: center;
  -webkit-box-align: center;
  -ms-flex-align: center;
  align-items: center;
  position: relative;
  border: 1px solid #4b4b4b;
}

.c2 input {
  display: none;
}

.c2 label {
  z-index: 10;
  width: 100%;
  height: 100%;
  border-radius: 36px;
  display: -webkit-box;
  display: -webkit-flex;
  display: -ms-flexbox;
  display: flex;
  -webkit-box-pack: center;
  -webkit-justify-content: center;
  -ms-flex-pack: center;
  justify-content: center;
  -webkit-align-items: center;
  -webkit-box-align: center;
  -ms-flex-align: center;
  align-items: center;
  cursor: pointer;
  text-align: center;
}

.c4 {
  width: 100%;
  border-radius: 8px;
  background-color: #494949;
  border: none;
  color: #ffff;
  padding: 0.9em;
  height: 40px;
}

.c4:focus {
  outline-width: 0;
}

.c5 {
  width: 100%;
  border-radius: 8px;
  background-color: #494949;
  border: none;
  color: #ffff;
  padding: 0.9em;
  height: 80px;
  resize: none;
}

.c5:focus {
  outline-width: 0;
}

.c6 {
  width: 100%;
  display: -webkit-box;
  display: -webkit-flex;
  display: -ms-flexbox;
  display: flex;
  -webkit-box-pack: end;
  -webkit-justify-content: flex-end;
  -ms-flex-pack: end;
  justify-content: flex-end;
}

.c8 {
  width: 98px;
  height: 41px;
  object-fit: contain;
  border-radius: 8px;
  background-color: #5f5f5f;
  color: #313131;
  border: none;
  -webkit-transition: 0.3s;
  transition: 0.3s;
  font-size: 14px;
  cursor: pointer;
}

.c8:focus {
  outline-width: 0;
}

.c8:active {
  background-color: #71bb00;
  color: #fff;
}

.c7 {
  width: 60px;
  font-size: 14px;
  color: #5f5f5f;
  background: none;
  border: none;
  cursor: pointer;
  -webkit-text-decoration: underline;
  text-decoration: underline;
  margin-right: 1.5em;
}

.c7:focus {
  outline-width: 0;
}

.c3 {
  width: 24px;
  height: 24px;
  cursor: pointer;
  border-radius: 36px;
}

@media (min-width:900px) {
  .c0 {
    width: 100%;
  }
}

<form
  className="c0"
  data-test="publisher-form"
  onSubmit={[Function]}
>
  <div
    className="c1"
  >
    <div
      className="c2"
    >
      <label
        htmlFor="file"
      >
        <img
          alt="profile"
          className="c3"
          height="24px"
          src="image.svg"
          width="24px"
        />
      </label>
      <input
        id="file"
        name="file"
        onChange={[Function]}
        type="file"
      />
    </div>
  </div>
  <input
    className="c4"
    data-test="publisher-input-name"
    name="name"
    onChange={[Function]}
    placeholder="Digite seu nome"
    required={true}
    value=""
  />
  <textarea
    className="c5"
    data-test="publisher-textarea-msg"
    maxLength={160}
    name="message"
    onChange={[Function]}
    placeholder="Mensagem"
    required={true}
    value=""
  />
  <div
    className="c6"
  >
    <button
      className="c7"
      onClick={[Function]}
      type="reset"
    >
      Descartar
    </button>
    <button
      className="c8"
      data-test="publisher-btn-submit"
      type="submit"
    >
      Publicar
    </button>
  </div>
</form>
`;
