// Jest Snapshot v1, https://goo.gl/fbAQLP

exports[`<Main /> should match snapshot 1`] = `
.c14 {
  width: 88px;
  height: 88px;
  -webkit-flex-shrink: 0;
  -ms-flex-negative: 0;
  flex-shrink: 0;
  margin-right: 32px;
  border-radius: 36px;
  background-color: #5f5f5f;
}

.c14 img {
  width: 100%;
  object-fit: contain;
}

.c11 {
  width: 100%;
  height: 185px;
  max-width: 516px;
  position: relative;
  padding: 32px;
  margin-bottom: 24px;
  border-radius: 3px;
  border: solid 1px #3b3b3b;
  display: -webkit-box;
  display: -webkit-flex;
  display: -ms-flexbox;
  display: flex;
  -webkit-flex-direction: column;
  -ms-flex-direction: column;
  flex-direction: column;
  -webkit-box-pack: center;
  -webkit-justify-content: center;
  -ms-flex-pack: center;
  justify-content: center;
  background-color: #313131;
}

.c12 {
  width: 20px;
  height: 20px;
  border: none;
  cursor: pointer;
  -webkit-transition: ease-in-out 0.3s;
  transition: ease-in-out 0.3s;
  top: 10px;
  right: 15px;
  position: absolute;
  background-color: transparent;
}

.c12:hover {
  -webkit-transform: scale(1.05);
  -ms-transform: scale(1.05);
  transform: scale(1.05);
}

.c13 {
  width: 100%;
  margin-top: 32px;
  margin-bottom: 16px;
  display: -webkit-box;
  display: -webkit-flex;
  display: -ms-flexbox;
  display: flex;
}

.c15 {
  font-size: 16px;
  color: #9f9f9f;
}

.c16 {
  margin-bottom: 32px;
}

.c16 > span {
  font-size: 12px;
  font-weight: 500;
  margin-bottom: 4px;
  display: inline-block;
  color: #5f5f5f;
}

.c16 > p {
  font-size: 14px;
  color: #7a7a7a;
}

.c9 {
  width: 60px;
  padding: 16px;
  position: relative;
  cursor: pointer;
  -webkit-transition: ease-in-out 0.3s;
  transition: ease-in-out 0.3s;
  font-size: 14px;
  font-weight: normal;
  background-color: transparent;
  color: #5f5f5f;
}

.c9::after {
  content: '';
  width: 100%;
  height: 2px;
  display: block;
  top: 32px;
  position: absolute;
  background-color: #5f5f5f;
}

.c9:hover {
  opacity: 0.9;
  -webkit-transform: scale(1.05);
  -ms-transform: scale(1.05);
  transform: scale(1.05);
}

.c10 {
  width: 98px;
  height: 41px;
  border-radius: 8px;
  padding: 0;
  cursor: pointer;
  -webkit-transition: ease-in-out 0.3s;
  transition: ease-in-out 0.3s;
  text-align: center;
  color: #ffffff;
  background-color: #71bb00;
}

.c10:hover {
  opacity: 0.9;
  -webkit-transform: scale(1.05);
  -ms-transform: scale(1.05);
  transform: scale(1.05);
}

.c2 {
  width: 100%;
  max-width: 516px;
  margin: 24px auto;
  display: -webkit-box;
  display: -webkit-flex;
  display: -ms-flexbox;
  display: flex;
  -webkit-align-items: center;
  -webkit-box-align: center;
  -ms-flex-align: center;
  align-items: center;
  -webkit-flex-direction: column;
  -ms-flex-direction: column;
  flex-direction: column;
  -webkit-box-pack: center;
  -webkit-justify-content: center;
  -ms-flex-pack: center;
  justify-content: center;
  padding: 24px;
  border-radius: 3px;
  border: solid 1px #3b3b3b;
  background-color: #313131;
}

.c3 {
  width: 100%;
  display: -webkit-box;
  display: -webkit-flex;
  display: -ms-flexbox;
  display: flex;
  -webkit-align-items: center;
  -webkit-box-align: center;
  -ms-flex-align: center;
  align-items: center;
  -webkit-box-pack: center;
  -webkit-justify-content: center;
  -ms-flex-pack: center;
  justify-content: center;
}

.c4 {
  width: 88px;
  height: 88px;
  display: -webkit-box;
  display: -webkit-flex;
  display: -ms-flexbox;
  display: flex;
  -webkit-align-items: center;
  -webkit-box-align: center;
  -ms-flex-align: center;
  align-items: center;
  -webkit-flex-direction: column;
  -ms-flex-direction: column;
  flex-direction: column;
  -webkit-box-pack: center;
  -webkit-justify-content: center;
  -ms-flex-pack: center;
  justify-content: center;
  cursor: pointer;
  background-color: transparent;
  border-radius: 30px;
  border: 1px solid #494949;
}

.c4 img {
  object-fit: contain;
  max-width: 100%;
}

.c4 .inputFile {
  display: none;
}

.c5 {
  width: 20px;
  margin-left: 24px;
  border: none;
  background-color: transparent;
  cursor: pointer;
  -webkit-transition: ease-in-out 0.3s;
  transition: ease-in-out 0.3s;
}

.c5:hover {
  -webkit-transform: scale(1.05);
  -ms-transform: scale(1.05);
  transform: scale(1.05);
}

.c6 {
  width: 100%;
  height: 40px;
  max-width: 468px;
  padding: 16px;
  margin: 16px 0 8px;
  font-size: 14px;
  border-radius: 8px;
  color: #ffffff;
  background-color: #494949;
}

.c7 {
  width: 100%;
  height: 80px;
  max-width: 468px;
  margin: 8px;
  padding: 12px 16px;
  font-size: 14px;
  font-family: 'Roboto',sans-serif;
  border: none;
  outline: none;
  resize: none;
  border-radius: 8px;
  color: #ffffff;
  background-color: #494949;
}

.c8 {
  width: 100%;
  display: -webkit-box;
  display: -webkit-flex;
  display: -ms-flexbox;
  display: flex;
  -webkit-align-items: center;
  -webkit-box-align: center;
  -ms-flex-align: center;
  align-items: center;
  -webkit-box-pack: end;
  -webkit-justify-content: flex-end;
  -ms-flex-pack: end;
  justify-content: flex-end;
}

.c8 > button:nth-child(1) {
  margin-right: 32px;
}

.c1 {
  width: 100%;
  padding: 24px 0;
  display: -webkit-box;
  display: -webkit-flex;
  display: -ms-flexbox;
  display: flex;
  -webkit-align-items: center;
  -webkit-box-align: center;
  -ms-flex-align: center;
  align-items: center;
  -webkit-box-pack: center;
  -webkit-justify-content: center;
  -ms-flex-pack: center;
  justify-content: center;
  box-shadow: 2px 2px 2px rgba(0,0,0,0.3);
  background-color: #2b2b2b;
}

.c0 {
  width: 100%;
  display: -webkit-box;
  display: -webkit-flex;
  display: -ms-flexbox;
  display: flex;
  -webkit-align-items: center;
  -webkit-box-align: center;
  -ms-flex-align: center;
  align-items: center;
  -webkit-flex-direction: column;
  -ms-flex-direction: column;
  flex-direction: column;
  -webkit-box-pack: center;
  -webkit-justify-content: center;
  -ms-flex-pack: center;
  justify-content: center;
}

<main
  class="c0"
>
  <header
    class="c1"
  >
    <img
      alt="Logo escrito 'buildbox web challenge'"
      src="bx-logo.png"
    />
  </header>
  <form
    class="c2"
  >
    <div
      class="c3"
    >
      <label
        class="c4"
        for="photo"
      >
        <img
          alt="Icone de imagem"
          src="image.png"
        />
        <input
          class="inputFile"
          id="photo"
          name="photo"
          type="file"
        />
      </label>
      <button
        class="c5"
      >
        <svg>
          trash.svg
        </svg>
      </button>
    </div>
    <input
      class="c6"
      name="name"
      placeholder="Nome"
      required=""
      type="text"
      value=""
    />
    <textarea
      class="c7"
      name="menssagem"
      placeholder="Mensagem"
      required=""
    />
    <div
      class="c8"
    >
      <button
        class="c9"
      >
        Descartar
      </button>
      <button
        class="c10"
        type="submit"
      >
        Publicar
      </button>
    </div>
  </form>
  <div
    class=""
  >
    <div
      class="c11"
    >
      <button
        class="c12"
      >
        <svg>
          delete.svg
        </svg>
      </button>
      <div
        class="c13"
      >
        <div
          class="c14"
        >
          <img
            alt="Lorem ipsum dolor sit amet"
            src="/image/image.png"
          />
        </div>
        <p
          class="c15"
        >
          Lorem ipsum dolor sit amet, consectetur adipiscing elit. Nulla mattis ligula vel velit scelerisque iaculis. Nam mattis justo id orci commodo, eu tempus purus cursus.
        </p>
      </div>
      <div
        class="c16"
      >
        <span>
          Enviado por
        </span>
        <p>
          Manuela Oliveira
        </p>
      </div>
    </div>
    <div
      class="c11"
    >
      <button
        class="c12"
      >
        <svg>
          delete.svg
        </svg>
      </button>
      <div
        class="c13"
      >
        <div
          class="c14"
        >
          <img
            alt="Lorem ipsum dolor sit amet"
            src="/image/image.png"
          />
        </div>
        <p
          class="c15"
        >
          Lorem ipsum dolor sit amet, consectetur adipiscing elit. Nulla mattis ligula vel velit scelerisque iaculis. Nam mattis justo id orci commodo, eu tempus purus cursus.
        </p>
      </div>
      <div
        class="c16"
      >
        <span>
          Enviado por
        </span>
        <p>
          Manuela Oliveira
        </p>
      </div>
    </div>
  </div>
</main>
`;
