// Jest Snapshot v1, https://goo.gl/fbAQLP

exports[`<Input/> should match snapshot 1`] = `
<div>
  <input
    id="input-name"
    placeholder="Digite seu nome"
    type="text"
  />
</div>
`;
